[0.087s] DEBUG:colcon:Command line arguments: ['/usr/bin/colcon', 'build', '--packages-select', 'uav_lumberjack_control', '--symlink-install']
[0.087s] DEBUG:colcon:Parsed command line arguments: Namespace(log_base=None, log_level=None, verb_name='build', build_base='build', install_base='install', merge_install=False, symlink_install=True, test_result_base=None, continue_on_error=False, executor='parallel', parallel_workers=12, event_handlers=None, ignore_user_meta=False, metas=['./colcon.meta'], base_paths=['.'], packages_ignore=None, packages_ignore_regex=None, paths=None, packages_up_to=None, packages_up_to_regex=None, packages_above=None, packages_above_and_dependencies=None, packages_above_depth=None, packages_select_by_dep=None, packages_skip_by_dep=None, packages_skip_up_to=None, packages_select_build_failed=False, packages_skip_build_finished=False, packages_select_test_failures=False, packages_skip_test_passed=False, packages_select=['uav_lumberjack_control'], packages_skip=None, packages_select_regex=None, packages_skip_regex=None, packages_start=None, packages_end=None, allow_overriding=[], cmake_args=None, cmake_target=None, cmake_target_skip_unavailable=False, cmake_clean_cache=False, cmake_clean_first=False, cmake_force_configure=False, ament_cmake_args=None, catkin_cmake_args=None, catkin_skip_building_tests=False, verb_parser=<colcon_defaults.argument_parser.defaults.DefaultArgumentsDecorator object at 0x70b643c8bb80>, verb_extension=<colcon_core.verb.build.BuildVerb object at 0x70b643c8b6d0>, main=<bound method BuildVerb.main of <colcon_core.verb.build.BuildVerb object at 0x70b643c8b6d0>>)
[0.113s] Level 1:colcon.colcon_core.package_discovery:discover_packages(colcon_meta) check parameters
[0.113s] Level 1:colcon.colcon_core.package_discovery:discover_packages(recursive) check parameters
[0.113s] Level 1:colcon.colcon_core.package_discovery:discover_packages(ignore) check parameters
[0.113s] Level 1:colcon.colcon_core.package_discovery:discover_packages(path) check parameters
[0.113s] Level 1:colcon.colcon_core.package_discovery:discover_packages(colcon_meta) discover
[0.113s] Level 1:colcon.colcon_core.package_discovery:discover_packages(recursive) discover
[0.113s] INFO:colcon.colcon_core.package_discovery:Crawling recursively for packages in '/home/ashuang/UAV_lumberjack/ros2_ws'
[0.113s] Level 1:colcon.colcon_core.package_identification:_identify(.) by extensions ['ignore', 'ignore_ament_install']
[0.113s] Level 1:colcon.colcon_core.package_identification:_identify(.) by extension 'ignore'
[0.114s] Level 1:colcon.colcon_core.package_identification:_identify(.) by extension 'ignore_ament_install'
[0.114s] Level 1:colcon.colcon_core.package_identification:_identify(.) by extensions ['colcon_pkg']
[0.114s] Level 1:colcon.colcon_core.package_identification:_identify(.) by extension 'colcon_pkg'
[0.114s] Level 1:colcon.colcon_core.package_identification:_identify(.) by extensions ['colcon_meta']
[0.114s] Level 1:colcon.colcon_core.package_identification:_identify(.) by extension 'colcon_meta'
[0.114s] Level 1:colcon.colcon_core.package_identification:_identify(.) by extensions ['ros']
[0.114s] Level 1:colcon.colcon_core.package_identification:_identify(.) by extension 'ros'
[0.134s] Level 1:colcon.colcon_core.package_identification:_identify(.) by extensions ['cmake', 'python']
[0.134s] Level 1:colcon.colcon_core.package_identification:_identify(.) by extension 'cmake'
[0.134s] Level 1:colcon.colcon_core.package_identification:_identify(.) by extension 'python'
[0.134s] Level 1:colcon.colcon_core.package_identification:_identify(.) by extensions ['python_setup_py']
[0.134s] Level 1:colcon.colcon_core.package_identification:_identify(.) by extension 'python_setup_py'
[0.134s] Level 1:colcon.colcon_core.package_identification:_identify(build) by extensions ['ignore', 'ignore_ament_install']
[0.134s] Level 1:colcon.colcon_core.package_identification:_identify(build) by extension 'ignore'
[0.134s] Level 1:colcon.colcon_core.package_identification:_identify(build) ignored
[0.134s] Level 1:colcon.colcon_core.package_identification:_identify(install) by extensions ['ignore', 'ignore_ament_install']
[0.134s] Level 1:colcon.colcon_core.package_identification:_identify(install) by extension 'ignore'
[0.135s] Level 1:colcon.colcon_core.package_identification:_identify(install) ignored
[0.135s] Level 1:colcon.colcon_core.package_identification:_identify(log) by extensions ['ignore', 'ignore_ament_install']
[0.135s] Level 1:colcon.colcon_core.package_identification:_identify(log) by extension 'ignore'
[0.135s] Level 1:colcon.colcon_core.package_identification:_identify(log) ignored
[0.135s] Level 1:colcon.colcon_core.package_identification:_identify(src) by extensions ['ignore', 'ignore_ament_install']
[0.135s] Level 1:colcon.colcon_core.package_identification:_identify(src) by extension 'ignore'
[0.135s] Level 1:colcon.colcon_core.package_identification:_identify(src) by extension 'ignore_ament_install'
[0.135s] Level 1:colcon.colcon_core.package_identification:_identify(src) by extensions ['colcon_pkg']
[0.135s] Level 1:colcon.colcon_core.package_identification:_identify(src) by extension 'colcon_pkg'
[0.135s] Level 1:colcon.colcon_core.package_identification:_identify(src) by extensions ['colcon_meta']
[0.135s] Level 1:colcon.colcon_core.package_identification:_identify(src) by extension 'colcon_meta'
[0.135s] Level 1:colcon.colcon_core.package_identification:_identify(src) by extensions ['ros']
[0.135s] Level 1:colcon.colcon_core.package_identification:_identify(src) by extension 'ros'
[0.135s] Level 1:colcon.colcon_core.package_identification:_identify(src) by extensions ['cmake', 'python']
[0.135s] Level 1:colcon.colcon_core.package_identification:_identify(src) by extension 'cmake'
[0.135s] Level 1:colcon.colcon_core.package_identification:_identify(src) by extension 'python'
[0.135s] Level 1:colcon.colcon_core.package_identification:_identify(src) by extensions ['python_setup_py']
[0.135s] Level 1:colcon.colcon_core.package_identification:_identify(src) by extension 'python_setup_py'
[0.135s] Level 1:colcon.colcon_core.package_identification:_identify(src/uav_lumberjack_control) by extensions ['ignore', 'ignore_ament_install']
[0.135s] Level 1:colcon.colcon_core.package_identification:_identify(src/uav_lumberjack_control) by extension 'ignore'
[0.135s] Level 1:colcon.colcon_core.package_identification:_identify(src/uav_lumberjack_control) by extension 'ignore_ament_install'
[0.135s] Level 1:colcon.colcon_core.package_identification:_identify(src/uav_lumberjack_control) by extensions ['colcon_pkg']
[0.135s] Level 1:colcon.colcon_core.package_identification:_identify(src/uav_lumberjack_control) by extension 'colcon_pkg'
[0.135s] Level 1:colcon.colcon_core.package_identification:_identify(src/uav_lumberjack_control) by extensions ['colcon_meta']
[0.135s] Level 1:colcon.colcon_core.package_identification:_identify(src/uav_lumberjack_control) by extension 'colcon_meta'
[0.135s] Level 1:colcon.colcon_core.package_identification:_identify(src/uav_lumberjack_control) by extensions ['ros']
[0.136s] Level 1:colcon.colcon_core.package_identification:_identify(src/uav_lumberjack_control) by extension 'ros'
[0.137s] DEBUG:colcon.colcon_core.package_identification:Package 'src/uav_lumberjack_control' with type 'ros.ament_cmake' and name 'uav_lumberjack_control'
[0.137s] Level 1:colcon.colcon_core.package_discovery:discover_packages(recursive) using defaults
[0.137s] Level 1:colcon.colcon_core.package_discovery:discover_packages(ignore) discover
[0.137s] Level 1:colcon.colcon_core.package_discovery:discover_packages(ignore) using defaults
[0.137s] Level 1:colcon.colcon_core.package_discovery:discover_packages(path) discover
[0.137s] Level 1:colcon.colcon_core.package_discovery:discover_packages(path) using defaults
[0.149s] Level 1:colcon.colcon_core.package_discovery:discover_packages(prefix_path) check parameters
[0.149s] Level 1:colcon.colcon_core.package_discovery:discover_packages(prefix_path) discover
[0.150s] DEBUG:colcon.colcon_installed_package_information.package_discovery:Found 1 installed packages in /home/ashuang/UAV_lumberjack/ros2_ws/install
[0.150s] DEBUG:colcon.colcon_installed_package_information.package_discovery:Found 4 installed packages in /home/ashuang/ws_ros2/install
[0.151s] DEBUG:colcon.colcon_installed_package_information.package_discovery:Found 279 installed packages in /opt/ros/humble
[0.152s] Level 1:colcon.colcon_core.package_discovery:discover_packages(prefix_path) using defaults
[0.183s] Level 5:colcon.colcon_core.verb:set package 'uav_lumberjack_control' build argument 'cmake_args' from command line to 'None'
[0.183s] Level 5:colcon.colcon_core.verb:set package 'uav_lumberjack_control' build argument 'cmake_target' from command line to 'None'
[0.183s] Level 5:colcon.colcon_core.verb:set package 'uav_lumberjack_control' build argument 'cmake_target_skip_unavailable' from command line to 'False'
[0.183s] Level 5:colcon.colcon_core.verb:set package 'uav_lumberjack_control' build argument 'cmake_clean_cache' from command line to 'False'
[0.183s] Level 5:colcon.colcon_core.verb:set package 'uav_lumberjack_control' build argument 'cmake_clean_first' from command line to 'False'
[0.183s] Level 5:colcon.colcon_core.verb:set package 'uav_lumberjack_control' build argument 'cmake_force_configure' from command line to 'False'
[0.183s] Level 5:colcon.colcon_core.verb:set package 'uav_lumberjack_control' build argument 'ament_cmake_args' from command line to 'None'
[0.183s] Level 5:colcon.colcon_core.verb:set package 'uav_lumberjack_control' build argument 'catkin_cmake_args' from command line to 'None'
[0.183s] Level 5:colcon.colcon_core.verb:set package 'uav_lumberjack_control' build argument 'catkin_skip_building_tests' from command line to 'False'
[0.184s] DEBUG:colcon.colcon_core.verb:Building package 'uav_lumberjack_control' with the following arguments: {'ament_cmake_args': None, 'build_base': '/home/ashuang/UAV_lumberjack/ros2_ws/build/uav_lumberjack_control', 'catkin_cmake_args': None, 'catkin_skip_building_tests': False, 'cmake_args': None, 'cmake_clean_cache': False, 'cmake_clean_first': False, 'cmake_force_configure': False, 'cmake_target': None, 'cmake_target_skip_unavailable': False, 'install_base': '/home/ashuang/UAV_lumberjack/ros2_ws/install/uav_lumberjack_control', 'merge_install': False, 'path': '/home/ashuang/UAV_lumberjack/ros2_ws/src/uav_lumberjack_control', 'symlink_install': True, 'test_result_base': None}
[0.184s] INFO:colcon.colcon_core.executor:Executing jobs using 'parallel' executor
[0.184s] DEBUG:colcon.colcon_parallel_executor.executor.parallel:run_until_complete
[0.184s] INFO:colcon.colcon_ros.task.ament_cmake.build:Building ROS package in '/home/ashuang/UAV_lumberjack/ros2_ws/src/uav_lumberjack_control' with build type 'ament_cmake'
[0.185s] INFO:colcon.colcon_cmake.task.cmake.build:Building CMake package in '/home/ashuang/UAV_lumberjack/ros2_ws/src/uav_lumberjack_control'
[0.186s] INFO:colcon.colcon_core.plugin_system:Skipping extension 'colcon_core.shell.bat': Not used on non-Windows systems
[0.186s] INFO:colcon.colcon_core.shell:Skip shell extension 'powershell' for command environment: Not usable outside of PowerShell
[0.186s] DEBUG:colcon.colcon_core.shell:Skip shell extension 'dsv' for command environment
[0.193s] DEBUG:colcon.colcon_core.event_handler.log_command:Invoking command in '/home/ashuang/UAV_lumberjack/ros2_ws/build/uav_lumberjack_control': CMAKE_PREFIX_PATH=${CMAKE_PREFIX_PATH}:/opt/ros/humble /usr/bin/cmake --build /home/ashuang/UAV_lumberjack/ros2_ws/build/uav_lumberjack_control -- -j12 -l12
[6.125s] DEBUG:colcon.colcon_core.event_handler.log_command:Invoked command in '/home/ashuang/UAV_lumberjack/ros2_ws/build/uav_lumberjack_control' returned '0': CMAKE_PREFIX_PATH=${CMAKE_PREFIX_PATH}:/opt/ros/humble /usr/bin/cmake --build /home/ashuang/UAV_lumberjack/ros2_ws/build/uav_lumberjack_control -- -j12 -l12
[6.133s] DEBUG:colcon.colcon_core.event_handler.log_command:Invoking command in '/home/ashuang/UAV_lumberjack/ros2_ws/build/uav_lumberjack_control': CMAKE_PREFIX_PATH=${CMAKE_PREFIX_PATH}:/opt/ros/humble /usr/bin/cmake --install /home/ashuang/UAV_lumberjack/ros2_ws/build/uav_lumberjack_control
[6.148s] Level 1:colcon.colcon_core.environment:create_environment_scripts_only(uav_lumberjack_control)
[6.149s] DEBUG:colcon.colcon_core.event_handler.log_command:Invoked command in '/home/ashuang/UAV_lumberjack/ros2_ws/build/uav_lumberjack_control' returned '0': CMAKE_PREFIX_PATH=${CMAKE_PREFIX_PATH}:/opt/ros/humble /usr/bin/cmake --install /home/ashuang/UAV_lumberjack/ros2_ws/build/uav_lumberjack_control
[6.150s] Level 1:colcon.colcon_core.environment:checking '/home/ashuang/UAV_lumberjack/ros2_ws/install/uav_lumberjack_control' for CMake module files
[6.150s] Level 1:colcon.colcon_core.environment:checking '/home/ashuang/UAV_lumberjack/ros2_ws/install/uav_lumberjack_control' for CMake config files
[6.150s] Level 1:colcon.colcon_core.shell:create_environment_hook('uav_lumberjack_control', 'cmake_prefix_path')
[6.151s] INFO:colcon.colcon_core.shell:Creating environment hook '/home/ashuang/UAV_lumberjack/ros2_ws/install/uav_lumberjack_control/share/uav_lumberjack_control/hook/cmake_prefix_path.ps1'
[6.151s] INFO:colcon.colcon_core.shell:Creating environment descriptor '/home/ashuang/UAV_lumberjack/ros2_ws/install/uav_lumberjack_control/share/uav_lumberjack_control/hook/cmake_prefix_path.dsv'
[6.151s] INFO:colcon.colcon_core.shell:Creating environment hook '/home/ashuang/UAV_lumberjack/ros2_ws/install/uav_lumberjack_control/share/uav_lumberjack_control/hook/cmake_prefix_path.sh'
[6.152s] Level 1:colcon.colcon_core.environment:checking '/home/ashuang/UAV_lumberjack/ros2_ws/install/uav_lumberjack_control/lib'
[6.152s] Level 1:colcon.colcon_core.environment:checking '/home/ashuang/UAV_lumberjack/ros2_ws/install/uav_lumberjack_control/bin'
[6.152s] Level 1:colcon.colcon_core.environment:checking '/home/ashuang/UAV_lumberjack/ros2_ws/install/uav_lumberjack_control/lib/pkgconfig/uav_lumberjack_control.pc'
[6.152s] Level 1:colcon.colcon_core.environment:checking '/home/ashuang/UAV_lumberjack/ros2_ws/install/uav_lumberjack_control/lib/python3.10/site-packages'
[6.152s] Level 1:colcon.colcon_core.environment:checking '/home/ashuang/UAV_lumberjack/ros2_ws/install/uav_lumberjack_control/bin'
[6.153s] INFO:colcon.colcon_core.shell:Creating package script '/home/ashuang/UAV_lumberjack/ros2_ws/install/uav_lumberjack_control/share/uav_lumberjack_control/package.ps1'
[6.153s] INFO:colcon.colcon_core.shell:Creating package descriptor '/home/ashuang/UAV_lumberjack/ros2_ws/install/uav_lumberjack_control/share/uav_lumberjack_control/package.dsv'
[6.154s] INFO:colcon.colcon_core.shell:Creating package script '/home/ashuang/UAV_lumberjack/ros2_ws/install/uav_lumberjack_control/share/uav_lumberjack_control/package.sh'
[6.154s] INFO:colcon.colcon_core.shell:Creating package script '/home/ashuang/UAV_lumberjack/ros2_ws/install/uav_lumberjack_control/share/uav_lumberjack_control/package.bash'
[6.155s] INFO:colcon.colcon_core.shell:Creating package script '/home/ashuang/UAV_lumberjack/ros2_ws/install/uav_lumberjack_control/share/uav_lumberjack_control/package.zsh'
[6.155s] Level 1:colcon.colcon_core.environment:create_file_with_runtime_dependencies(/home/ashuang/UAV_lumberjack/ros2_ws/install/uav_lumberjack_control/share/colcon-core/packages/uav_lumberjack_control)
[6.155s] Level 1:colcon.colcon_core.environment:create_environment_scripts_only(uav_lumberjack_control)
[6.156s] Level 1:colcon.colcon_core.environment:checking '/home/ashuang/UAV_lumberjack/ros2_ws/install/uav_lumberjack_control' for CMake module files
[6.156s] Level 1:colcon.colcon_core.environment:checking '/home/ashuang/UAV_lumberjack/ros2_ws/install/uav_lumberjack_control' for CMake config files
[6.156s] Level 1:colcon.colcon_core.shell:create_environment_hook('uav_lumberjack_control', 'cmake_prefix_path')
[6.156s] INFO:colcon.colcon_core.shell:Creating environment hook '/home/ashuang/UAV_lumberjack/ros2_ws/install/uav_lumberjack_control/share/uav_lumberjack_control/hook/cmake_prefix_path.ps1'
[6.156s] INFO:colcon.colcon_core.shell:Creating environment descriptor '/home/ashuang/UAV_lumberjack/ros2_ws/install/uav_lumberjack_control/share/uav_lumberjack_control/hook/cmake_prefix_path.dsv'
[6.157s] INFO:colcon.colcon_core.shell:Creating environment hook '/home/ashuang/UAV_lumberjack/ros2_ws/install/uav_lumberjack_control/share/uav_lumberjack_control/hook/cmake_prefix_path.sh'
[6.157s] Level 1:colcon.colcon_core.environment:checking '/home/ashuang/UAV_lumberjack/ros2_ws/install/uav_lumberjack_control/lib'
[6.157s] Level 1:colcon.colcon_core.environment:checking '/home/ashuang/UAV_lumberjack/ros2_ws/install/uav_lumberjack_control/bin'
[6.157s] Level 1:colcon.colcon_core.environment:checking '/home/ashuang/UAV_lumberjack/ros2_ws/install/uav_lumberjack_control/lib/pkgconfig/uav_lumberjack_control.pc'
[6.157s] Level 1:colcon.colcon_core.environment:checking '/home/ashuang/UAV_lumberjack/ros2_ws/install/uav_lumberjack_control/lib/python3.10/site-packages'
[6.158s] Level 1:colcon.colcon_core.environment:checking '/home/ashuang/UAV_lumberjack/ros2_ws/install/uav_lumberjack_control/bin'
[6.158s] INFO:colcon.colcon_core.shell:Creating package script '/home/ashuang/UAV_lumberjack/ros2_ws/install/uav_lumberjack_control/share/uav_lumberjack_control/package.ps1'
[6.158s] INFO:colcon.colcon_core.shell:Creating package descriptor '/home/ashuang/UAV_lumberjack/ros2_ws/install/uav_lumberjack_control/share/uav_lumberjack_control/package.dsv'
[6.158s] INFO:colcon.colcon_core.shell:Creating package script '/home/ashuang/UAV_lumberjack/ros2_ws/install/uav_lumberjack_control/share/uav_lumberjack_control/package.sh'
[6.159s] INFO:colcon.colcon_core.shell:Creating package script '/home/ashuang/UAV_lumberjack/ros2_ws/install/uav_lumberjack_control/share/uav_lumberjack_control/package.bash'
[6.159s] INFO:colcon.colcon_core.shell:Creating package script '/home/ashuang/UAV_lumberjack/ros2_ws/install/uav_lumberjack_control/share/uav_lumberjack_control/package.zsh'
[6.159s] Level 1:colcon.colcon_core.environment:create_file_with_runtime_dependencies(/home/ashuang/UAV_lumberjack/ros2_ws/install/uav_lumberjack_control/share/colcon-core/packages/uav_lumberjack_control)
[6.159s] DEBUG:colcon.colcon_parallel_executor.executor.parallel:closing loop
[6.160s] DEBUG:colcon.colcon_parallel_executor.executor.parallel:loop closed
[6.160s] DEBUG:colcon.colcon_parallel_executor.executor.parallel:run_until_complete finished with '0'
[6.160s] DEBUG:colcon.colcon_core.event_reactor:joining thread
[6.164s] INFO:colcon.colcon_core.plugin_system:Skipping extension 'colcon_notification.desktop_notification.terminal_notifier': Not used on non-Darwin systems
[6.164s] INFO:colcon.colcon_core.plugin_system:Skipping extension 'colcon_notification.desktop_notification.win32': Not used on non-Windows systems
[6.164s] INFO:colcon.colcon_notification.desktop_notification:Sending desktop notification using 'notify2'
[6.173s] DEBUG:colcon.colcon_core.event_reactor:joined thread
[6.173s] INFO:colcon.colcon_core.shell:Creating prefix script '/home/ashuang/UAV_lumberjack/ros2_ws/install/local_setup.ps1'
[6.174s] INFO:colcon.colcon_core.shell:Creating prefix util module '/home/ashuang/UAV_lumberjack/ros2_ws/install/_local_setup_util_ps1.py'
[6.175s] INFO:colcon.colcon_core.shell:Creating prefix chain script '/home/ashuang/UAV_lumberjack/ros2_ws/install/setup.ps1'
[6.176s] INFO:colcon.colcon_core.shell:Creating prefix script '/home/ashuang/UAV_lumberjack/ros2_ws/install/local_setup.sh'
[6.176s] INFO:colcon.colcon_core.shell:Creating prefix util module '/home/ashuang/UAV_lumberjack/ros2_ws/install/_local_setup_util_sh.py'
[6.177s] INFO:colcon.colcon_core.shell:Creating prefix chain script '/home/ashuang/UAV_lumberjack/ros2_ws/install/setup.sh'
[6.177s] INFO:colcon.colcon_core.shell:Creating prefix script '/home/ashuang/UAV_lumberjack/ros2_ws/install/local_setup.bash'
[6.178s] INFO:colcon.colcon_core.shell:Creating prefix chain script '/home/ashuang/UAV_lumberjack/ros2_ws/install/setup.bash'
[6.178s] INFO:colcon.colcon_core.shell:Creating prefix script '/home/ashuang/UAV_lumberjack/ros2_ws/install/local_setup.zsh'
[6.179s] INFO:colcon.colcon_core.shell:Creating prefix chain script '/home/ashuang/UAV_lumberjack/ros2_ws/install/setup.zsh'
