-- Found ament_cmake: 1.3.14 (/opt/ros/humble/share/ament_cmake/cmake)
-- Override CMake install command with custom implementation using symlinks instead of copying resources
-- Found rclcpp: 16.0.19 (/opt/ros/humble/share/rclcpp/cmake)
-- Found rosidl_generator_c: 3.1.9 (/opt/ros/humble/share/rosidl_generator_c/cmake)
-- Found rosidl_adapter: 3.1.9 (/opt/ros/humble/share/rosidl_adapter/cmake)
-- Found rosidl_generator_cpp: 3.1.9 (/opt/ros/humble/share/rosidl_generator_cpp/cmake)
-- Using all available rosidl_typesupport_c: rosidl_typesupport_fastrtps_c;rosidl_typesupport_introspection_c
-- Using all available rosidl_typesupport_cpp: rosidl_typesupport_fastrtps_cpp;rosidl_typesupport_introspection_cpp
-- Found rmw_implementation_cmake: 6.1.3 (/opt/ros/humble/share/rmw_implementation_cmake/cmake)
-- Found rmw_fastrtps_cpp: 6.2.10 (/opt/ros/humble/share/rmw_fastrtps_cpp/cmake)
-- Using RMW implementation 'rmw_fastrtps_cpp' as default
-- Found rclpy: 3.3.21 (/opt/ros/humble/share/rclpy/cmake)
-- Found ament_lint_auto: 0.12.15 (/opt/ros/humble/share/ament_lint_auto/cmake)
-- Added test 'cppcheck' to perform static code analysis on C / C++ code
-- Configured cppcheck include dirs: 
-- Configured cppcheck exclude dirs and/or files: 
-- Added test 'lint_cmake' to check CMake code style
-- Added test 'uncrustify' to check C / C++ code style
-- Configured uncrustify additional arguments: 
-- Added test 'xmllint' to check XML markup files
-- Configuring done
-- Generating done
-- Build files have been written to: /home/ashuang/UAV_lumberjack/ros2_ws/build/uav_lumberjack_control
[35m[1mConsolidate compiler generated dependencies of target arm_j1_test[0m
[ 50%] [32m[1mLinking CXX executable arm_j1_test[0m
[100%] Built target arm_j1_test
-- Install configuration: ""
-- Execute custom install script
-- Symlinking: /home/ashuang/UAV_lumberjack/ros2_ws/install/uav_lumberjack_control/lib/uav_lumberjack_control/arm_j1_test
-- Symlinking: /home/ashuang/UAV_lumberjack/ros2_ws/install/uav_lumberjack_control/share/ament_index/resource_index/package_run_dependencies/uav_lumberjack_control
-- Symlinking: /home/ashuang/UAV_lumberjack/ros2_ws/install/uav_lumberjack_control/share/ament_index/resource_index/parent_prefix_path/uav_lumberjack_control
-- Symlinking: /home/ashuang/UAV_lumberjack/ros2_ws/install/uav_lumberjack_control/share/uav_lumberjack_control/environment/ament_prefix_path.sh
-- Symlinking: /home/ashuang/UAV_lumberjack/ros2_ws/install/uav_lumberjack_control/share/uav_lumberjack_control/environment/ament_prefix_path.dsv
-- Symlinking: /home/ashuang/UAV_lumberjack/ros2_ws/install/uav_lumberjack_control/share/uav_lumberjack_control/environment/path.sh
-- Symlinking: /home/ashuang/UAV_lumberjack/ros2_ws/install/uav_lumberjack_control/share/uav_lumberjack_control/environment/path.dsv
-- Symlinking: /home/ashuang/UAV_lumberjack/ros2_ws/install/uav_lumberjack_control/share/uav_lumberjack_control/local_setup.bash
-- Symlinking: /home/ashuang/UAV_lumberjack/ros2_ws/install/uav_lumberjack_control/share/uav_lumberjack_control/local_setup.sh
-- Symlinking: /home/ashuang/UAV_lumberjack/ros2_ws/install/uav_lumberjack_control/share/uav_lumberjack_control/local_setup.zsh
-- Symlinking: /home/ashuang/UAV_lumberjack/ros2_ws/install/uav_lumberjack_control/share/uav_lumberjack_control/local_setup.dsv
-- Symlinking: /home/ashuang/UAV_lumberjack/ros2_ws/install/uav_lumberjack_control/share/uav_lumberjack_control/package.dsv
-- Symlinking: /home/ashuang/UAV_lumberjack/ros2_ws/install/uav_lumberjack_control/share/ament_index/resource_index/packages/uav_lumberjack_control
-- Symlinking: /home/ashuang/UAV_lumberjack/ros2_ws/install/uav_lumberjack_control/share/uav_lumberjack_control/cmake/uav_lumberjack_controlConfig.cmake
-- Symlinking: /home/ashuang/UAV_lumberjack/ros2_ws/install/uav_lumberjack_control/share/uav_lumberjack_control/cmake/uav_lumberjack_controlConfig-version.cmake
-- Symlinking: /home/ashuang/UAV_lumberjack/ros2_ws/install/uav_lumberjack_control/share/uav_lumberjack_control/package.xml
