[0.008s] Invoking command in '/home/ashuang/UAV_lumberjack/ros2_ws/build/uav_lumberjack_control': CMAKE_PREFIX_PATH=${CMAKE_PREFIX_PATH}:/opt/ros/humble /usr/bin/cmake --build /home/ashuang/UAV_lumberjack/ros2_ws/build/uav_lumberjack_control -- -j12 -l12
[0.039s] [35m[1mConsolidate compiler generated dependencies of target arm_controller[0m
[0.050s] [ 50%] Built target arm_j1_test
[0.053s] [ 75%] [32mBuilding CXX object CMakeFiles/arm_controller.dir/src/arm_controller.cpp.o[0m
[2.754s] [100%] [32m[1mLinking CXX executable arm_controller[0m
[2.872s] [100%] Built target arm_controller
[2.882s] Invoked command in '/home/ashuang/UAV_lumberjack/ros2_ws/build/uav_lumberjack_control' returned '0': CMAKE_PREFIX_PATH=${CMAKE_PREFIX_PATH}:/opt/ros/humble /usr/bin/cmake --build /home/ashuang/UAV_lumberjack/ros2_ws/build/uav_lumberjack_control -- -j12 -l12
[2.889s] Invoking command in '/home/ashuang/UAV_lumberjack/ros2_ws/build/uav_lumberjack_control': CMAKE_PREFIX_PATH=${CMAKE_PREFIX_PATH}:/opt/ros/humble /usr/bin/cmake --install /home/ashuang/UAV_lumberjack/ros2_ws/build/uav_lumberjack_control
[2.894s] -- Install configuration: ""
[2.895s] -- Execute custom install script
[2.895s] -- Up-to-date symlink: /home/ashuang/UAV_lumberjack/ros2_ws/install/uav_lumberjack_control/lib/uav_lumberjack_control/arm_j1_test
[2.895s] -- Up-to-date symlink: /home/ashuang/UAV_lumberjack/ros2_ws/install/uav_lumberjack_control/lib/uav_lumberjack_control/arm_controller
[2.895s] -- Up-to-date symlink: /home/ashuang/UAV_lumberjack/ros2_ws/install/uav_lumberjack_control/share/ament_index/resource_index/package_run_dependencies/uav_lumberjack_control
[2.895s] -- Up-to-date symlink: /home/ashuang/UAV_lumberjack/ros2_ws/install/uav_lumberjack_control/share/ament_index/resource_index/parent_prefix_path/uav_lumberjack_control
[2.895s] -- Up-to-date symlink: /home/ashuang/UAV_lumberjack/ros2_ws/install/uav_lumberjack_control/share/uav_lumberjack_control/environment/ament_prefix_path.sh
[2.895s] -- Up-to-date symlink: /home/ashuang/UAV_lumberjack/ros2_ws/install/uav_lumberjack_control/share/uav_lumberjack_control/environment/ament_prefix_path.dsv
[2.896s] -- Up-to-date symlink: /home/ashuang/UAV_lumberjack/ros2_ws/install/uav_lumberjack_control/share/uav_lumberjack_control/environment/path.sh
[2.896s] -- Up-to-date symlink: /home/ashuang/UAV_lumberjack/ros2_ws/install/uav_lumberjack_control/share/uav_lumberjack_control/environment/path.dsv
[2.896s] -- Up-to-date symlink: /home/ashuang/UAV_lumberjack/ros2_ws/install/uav_lumberjack_control/share/uav_lumberjack_control/local_setup.bash
[2.896s] -- Up-to-date symlink: /home/ashuang/UAV_lumberjack/ros2_ws/install/uav_lumberjack_control/share/uav_lumberjack_control/local_setup.sh
[2.896s] -- Up-to-date symlink: /home/ashuang/UAV_lumberjack/ros2_ws/install/uav_lumberjack_control/share/uav_lumberjack_control/local_setup.zsh
[2.896s] -- Up-to-date symlink: /home/ashuang/UAV_lumberjack/ros2_ws/install/uav_lumberjack_control/share/uav_lumberjack_control/local_setup.dsv
[2.896s] -- Symlinking: /home/ashuang/UAV_lumberjack/ros2_ws/install/uav_lumberjack_control/share/uav_lumberjack_control/package.dsv
[2.903s] -- Up-to-date symlink: /home/ashuang/UAV_lumberjack/ros2_ws/install/uav_lumberjack_control/share/ament_index/resource_index/packages/uav_lumberjack_control
[2.903s] -- Up-to-date symlink: /home/ashuang/UAV_lumberjack/ros2_ws/install/uav_lumberjack_control/share/uav_lumberjack_control/cmake/uav_lumberjack_controlConfig.cmake
[2.903s] -- Up-to-date symlink: /home/ashuang/UAV_lumberjack/ros2_ws/install/uav_lumberjack_control/share/uav_lumberjack_control/cmake/uav_lumberjack_controlConfig-version.cmake
[2.904s] -- Up-to-date symlink: /home/ashuang/UAV_lumberjack/ros2_ws/install/uav_lumberjack_control/share/uav_lumberjack_control/package.xml
[2.905s] Invoked command in '/home/ashuang/UAV_lumberjack/ros2_ws/build/uav_lumberjack_control' returned '0': CMAKE_PREFIX_PATH=${CMAKE_PREFIX_PATH}:/opt/ros/humble /usr/bin/cmake --install /home/ashuang/UAV_lumberjack/ros2_ws/build/uav_lumberjack_control
