[0.008s] Invoking command in '/home/ashuang/UAV_lumberjack/ros2_ws/build/uav_lumberjack_control': CMAKE_PREFIX_PATH=${CMAKE_PREFIX_PATH}:/opt/ros/humble /usr/bin/cmake --build /home/ashuang/UAV_lumberjack/ros2_ws/build/uav_lumberjack_control -- -j12 -l12
[0.040s] [35m[1mConsolidate compiler generated dependencies of target arm_controller[0m
[0.049s] [ 50%] Built target arm_j1_test
[0.054s] [ 75%] [32mBuilding CXX object CMakeFiles/arm_controller.dir/src/arm_controller.cpp.o[0m
[5.680s] [100%] [32m[1mLinking CXX executable arm_controller[0m
[5.931s] [100%] Built target arm_controller
[5.940s] Invoked command in '/home/ashuang/UAV_lumberjack/ros2_ws/build/uav_lumberjack_control' returned '0': CMAKE_PREFIX_PATH=${CMAKE_PREFIX_PATH}:/opt/ros/humble /usr/bin/cmake --build /home/ashuang/UAV_lumberjack/ros2_ws/build/uav_lumberjack_control -- -j12 -l12
[5.948s] Invoking command in '/home/ashuang/UAV_lumberjack/ros2_ws/build/uav_lumberjack_control': CMAKE_PREFIX_PATH=${CMAKE_PREFIX_PATH}:/opt/ros/humble /usr/bin/cmake --install /home/ashuang/UAV_lumberjack/ros2_ws/build/uav_lumberjack_control
[5.953s] -- Install configuration: ""
[5.953s] -- Execute custom install script
[5.953s] -- Up-to-date symlink: /home/ashuang/UAV_lumberjack/ros2_ws/install/uav_lumberjack_control/lib/uav_lumberjack_control/arm_j1_test
[5.954s] -- Up-to-date symlink: /home/ashuang/UAV_lumberjack/ros2_ws/install/uav_lumberjack_control/lib/uav_lumberjack_control/arm_controller
[5.954s] -- Up-to-date symlink: /home/ashuang/UAV_lumberjack/ros2_ws/install/uav_lumberjack_control/share/ament_index/resource_index/package_run_dependencies/uav_lumberjack_control
[5.954s] -- Up-to-date symlink: /home/ashuang/UAV_lumberjack/ros2_ws/install/uav_lumberjack_control/share/ament_index/resource_index/parent_prefix_path/uav_lumberjack_control
[5.954s] -- Up-to-date symlink: /home/ashuang/UAV_lumberjack/ros2_ws/install/uav_lumberjack_control/share/uav_lumberjack_control/environment/ament_prefix_path.sh
[5.954s] -- Up-to-date symlink: /home/ashuang/UAV_lumberjack/ros2_ws/install/uav_lumberjack_control/share/uav_lumberjack_control/environment/ament_prefix_path.dsv
[5.954s] -- Up-to-date symlink: /home/ashuang/UAV_lumberjack/ros2_ws/install/uav_lumberjack_control/share/uav_lumberjack_control/environment/path.sh
[5.954s] -- Up-to-date symlink: /home/ashuang/UAV_lumberjack/ros2_ws/install/uav_lumberjack_control/share/uav_lumberjack_control/environment/path.dsv
[5.954s] -- Up-to-date symlink: /home/ashuang/UAV_lumberjack/ros2_ws/install/uav_lumberjack_control/share/uav_lumberjack_control/local_setup.bash
[5.954s] -- Up-to-date symlink: /home/ashuang/UAV_lumberjack/ros2_ws/install/uav_lumberjack_control/share/uav_lumberjack_control/local_setup.sh
[5.955s] -- Up-to-date symlink: /home/ashuang/UAV_lumberjack/ros2_ws/install/uav_lumberjack_control/share/uav_lumberjack_control/local_setup.zsh
[5.955s] -- Up-to-date symlink: /home/ashuang/UAV_lumberjack/ros2_ws/install/uav_lumberjack_control/share/uav_lumberjack_control/local_setup.dsv
[5.955s] -- Symlinking: /home/ashuang/UAV_lumberjack/ros2_ws/install/uav_lumberjack_control/share/uav_lumberjack_control/package.dsv
[5.962s] -- Up-to-date symlink: /home/ashuang/UAV_lumberjack/ros2_ws/install/uav_lumberjack_control/share/ament_index/resource_index/packages/uav_lumberjack_control
[5.962s] -- Up-to-date symlink: /home/ashuang/UAV_lumberjack/ros2_ws/install/uav_lumberjack_control/share/uav_lumberjack_control/cmake/uav_lumberjack_controlConfig.cmake
[5.962s] -- Up-to-date symlink: /home/ashuang/UAV_lumberjack/ros2_ws/install/uav_lumberjack_control/share/uav_lumberjack_control/cmake/uav_lumberjack_controlConfig-version.cmake
[5.962s] -- Up-to-date symlink: /home/ashuang/UAV_lumberjack/ros2_ws/install/uav_lumberjack_control/share/uav_lumberjack_control/package.xml
[5.964s] Invoked command in '/home/ashuang/UAV_lumberjack/ros2_ws/build/uav_lumberjack_control' returned '0': CMAKE_PREFIX_PATH=${CMAKE_PREFIX_PATH}:/opt/ros/humble /usr/bin/cmake --install /home/ashuang/UAV_lumberjack/ros2_ws/build/uav_lumberjack_control
