[0.008s] Invoking command in '/home/ashuang/UAV_lumberjack/ros2_ws/build/uav_lumberjack_control': CMAKE_PREFIX_PATH=${CMAKE_PREFIX_PATH}:/opt/ros/humble /usr/bin/cmake --build /home/ashuang/UAV_lumberjack/ros2_ws/build/uav_lumberjack_control -- -j12 -l12
[0.027s] -- Found ament_cmake: 1.3.14 (/opt/ros/humble/share/ament_cmake/cmake)
[0.105s] -- Override CMake install command with custom implementation using symlinks instead of copying resources
[0.112s] -- Found rclcpp: 16.0.19 (/opt/ros/humble/share/rclcpp/cmake)
[0.141s] -- Found rosidl_generator_c: 3.1.9 (/opt/ros/humble/share/rosidl_generator_c/cmake)
[0.143s] -- Found rosidl_adapter: 3.1.9 (/opt/ros/humble/share/rosidl_adapter/cmake)
[0.147s] -- Found rosidl_generator_cpp: 3.1.9 (/opt/ros/humble/share/rosidl_generator_cpp/cmake)
[0.154s] -- Using all available rosidl_typesupport_c: rosidl_typesupport_fastrtps_c;rosidl_typesupport_introspection_c
[0.162s] -- Using all available rosidl_typesupport_cpp: rosidl_typesupport_fastrtps_cpp;rosidl_typesupport_introspection_cpp
[0.185s] -- Found rmw_implementation_cmake: 6.1.3 (/opt/ros/humble/share/rmw_implementation_cmake/cmake)
[0.186s] -- Found rmw_fastrtps_cpp: 6.2.10 (/opt/ros/humble/share/rmw_fastrtps_cpp/cmake)
[0.271s] -- Using RMW implementation 'rmw_fastrtps_cpp' as default
[0.306s] -- Found rclpy: 3.3.21 (/opt/ros/humble/share/rclpy/cmake)
[0.307s] -- Found ament_lint_auto: 0.12.15 (/opt/ros/humble/share/ament_lint_auto/cmake)
[0.375s] -- Added test 'cppcheck' to perform static code analysis on C / C++ code
[0.376s] -- Configured cppcheck include dirs: 
[0.376s] -- Configured cppcheck exclude dirs and/or files: 
[0.376s] -- Added test 'lint_cmake' to check CMake code style
[0.377s] -- Added test 'uncrustify' to check C / C++ code style
[0.377s] -- Configured uncrustify additional arguments: 
[0.377s] -- Added test 'xmllint' to check XML markup files
[0.378s] -- Configuring done
[0.387s] -- Generating done
[0.390s] -- Build files have been written to: /home/ashuang/UAV_lumberjack/ros2_ws/build/uav_lumberjack_control
[0.411s] [35m[1mConsolidate compiler generated dependencies of target arm_j1_test[0m
[0.418s] [ 25%] [32mBuilding CXX object CMakeFiles/arm_controller.dir/src/arm_controller.cpp.o[0m
[0.425s] [ 75%] Built target arm_j1_test
[3.139s] [100%] [32m[1mLinking CXX executable arm_controller[0m
[3.254s] [100%] Built target arm_controller
[3.263s] Invoked command in '/home/ashuang/UAV_lumberjack/ros2_ws/build/uav_lumberjack_control' returned '0': CMAKE_PREFIX_PATH=${CMAKE_PREFIX_PATH}:/opt/ros/humble /usr/bin/cmake --build /home/ashuang/UAV_lumberjack/ros2_ws/build/uav_lumberjack_control -- -j12 -l12
[3.270s] Invoking command in '/home/ashuang/UAV_lumberjack/ros2_ws/build/uav_lumberjack_control': CMAKE_PREFIX_PATH=${CMAKE_PREFIX_PATH}:/opt/ros/humble /usr/bin/cmake --install /home/ashuang/UAV_lumberjack/ros2_ws/build/uav_lumberjack_control
[3.275s] -- Install configuration: ""
[3.275s] -- Execute custom install script
[3.276s] -- Up-to-date symlink: /home/ashuang/UAV_lumberjack/ros2_ws/install/uav_lumberjack_control/lib/uav_lumberjack_control/arm_j1_test
[3.276s] -- Symlinking: /home/ashuang/UAV_lumberjack/ros2_ws/install/uav_lumberjack_control/lib/uav_lumberjack_control/arm_controller
[3.282s] -- Up-to-date symlink: /home/ashuang/UAV_lumberjack/ros2_ws/install/uav_lumberjack_control/share/ament_index/resource_index/package_run_dependencies/uav_lumberjack_control
[3.282s] -- Up-to-date symlink: /home/ashuang/UAV_lumberjack/ros2_ws/install/uav_lumberjack_control/share/ament_index/resource_index/parent_prefix_path/uav_lumberjack_control
[3.282s] -- Up-to-date symlink: /home/ashuang/UAV_lumberjack/ros2_ws/install/uav_lumberjack_control/share/uav_lumberjack_control/environment/ament_prefix_path.sh
[3.283s] -- Up-to-date symlink: /home/ashuang/UAV_lumberjack/ros2_ws/install/uav_lumberjack_control/share/uav_lumberjack_control/environment/ament_prefix_path.dsv
[3.283s] -- Up-to-date symlink: /home/ashuang/UAV_lumberjack/ros2_ws/install/uav_lumberjack_control/share/uav_lumberjack_control/environment/path.sh
[3.283s] -- Up-to-date symlink: /home/ashuang/UAV_lumberjack/ros2_ws/install/uav_lumberjack_control/share/uav_lumberjack_control/environment/path.dsv
[3.283s] -- Up-to-date symlink: /home/ashuang/UAV_lumberjack/ros2_ws/install/uav_lumberjack_control/share/uav_lumberjack_control/local_setup.bash
[3.283s] -- Up-to-date symlink: /home/ashuang/UAV_lumberjack/ros2_ws/install/uav_lumberjack_control/share/uav_lumberjack_control/local_setup.sh
[3.283s] -- Up-to-date symlink: /home/ashuang/UAV_lumberjack/ros2_ws/install/uav_lumberjack_control/share/uav_lumberjack_control/local_setup.zsh
[3.283s] -- Up-to-date symlink: /home/ashuang/UAV_lumberjack/ros2_ws/install/uav_lumberjack_control/share/uav_lumberjack_control/local_setup.dsv
[3.283s] -- Symlinking: /home/ashuang/UAV_lumberjack/ros2_ws/install/uav_lumberjack_control/share/uav_lumberjack_control/package.dsv
[3.290s] -- Up-to-date symlink: /home/ashuang/UAV_lumberjack/ros2_ws/install/uav_lumberjack_control/share/ament_index/resource_index/packages/uav_lumberjack_control
[3.290s] -- Up-to-date symlink: /home/ashuang/UAV_lumberjack/ros2_ws/install/uav_lumberjack_control/share/uav_lumberjack_control/cmake/uav_lumberjack_controlConfig.cmake
[3.290s] -- Up-to-date symlink: /home/ashuang/UAV_lumberjack/ros2_ws/install/uav_lumberjack_control/share/uav_lumberjack_control/cmake/uav_lumberjack_controlConfig-version.cmake
[3.290s] -- Up-to-date symlink: /home/ashuang/UAV_lumberjack/ros2_ws/install/uav_lumberjack_control/share/uav_lumberjack_control/package.xml
[3.292s] Invoked command in '/home/ashuang/UAV_lumberjack/ros2_ws/build/uav_lumberjack_control' returned '0': CMAKE_PREFIX_PATH=${CMAKE_PREFIX_PATH}:/opt/ros/humble /usr/bin/cmake --install /home/ashuang/UAV_lumberjack/ros2_ws/build/uav_lumberjack_control
