[0.008s] Invoking command in '/home/ashuang/UAV_lumberjack/ros2_ws/build/uav_lumberjack_control': CMAKE_PREFIX_PATH=${CMAKE_PREFIX_PATH}:/opt/ros/humble /usr/bin/cmake /home/ashuang/UAV_lumberjack/ros2_ws/src/uav_lumberjack_control -DCMAKE_INSTALL_PREFIX=/home/ashuang/UAV_lumberjack/ros2_ws/install/uav_lumberjack_control
[0.017s] -- Found ament_cmake: 1.3.14 (/opt/ros/humble/share/ament_cmake/cmake)
[0.095s] -- Override CMake install command with custom implementation using symlinks instead of copying resources
[0.102s] -- Found rclcpp: 16.0.19 (/opt/ros/humble/share/rclcpp/cmake)
[0.133s] -- Found rosidl_generator_c: 3.1.9 (/opt/ros/humble/share/rosidl_generator_c/cmake)
[0.135s] -- Found rosidl_adapter: 3.1.9 (/opt/ros/humble/share/rosidl_adapter/cmake)
[0.139s] -- Found rosidl_generator_cpp: 3.1.9 (/opt/ros/humble/share/rosidl_generator_cpp/cmake)
[0.145s] -- Using all available rosidl_typesupport_c: rosidl_typesupport_fastrtps_c;rosidl_typesupport_introspection_c
[0.154s] -- Using all available rosidl_typesupport_cpp: rosidl_typesupport_fastrtps_cpp;rosidl_typesupport_introspection_cpp
[0.175s] -- Found rmw_implementation_cmake: 6.1.3 (/opt/ros/humble/share/rmw_implementation_cmake/cmake)
[0.176s] -- Found rmw_fastrtps_cpp: 6.2.10 (/opt/ros/humble/share/rmw_fastrtps_cpp/cmake)
[0.260s] -- Using RMW implementation 'rmw_fastrtps_cpp' as default
[0.295s] -- Found rclpy: 3.3.21 (/opt/ros/humble/share/rclpy/cmake)
[0.296s] -- Found ament_lint_auto: 0.12.15 (/opt/ros/humble/share/ament_lint_auto/cmake)
[0.365s] -- Added test 'cppcheck' to perform static code analysis on C / C++ code
[0.365s] -- Configured cppcheck include dirs: 
[0.365s] -- Configured cppcheck exclude dirs and/or files: 
[0.366s] -- Added test 'lint_cmake' to check CMake code style
[0.366s] -- Added test 'uncrustify' to check C / C++ code style
[0.367s] -- Configured uncrustify additional arguments: 
[0.367s] -- Added test 'xmllint' to check XML markup files
[0.367s] -- Configuring done
[0.376s] -- Generating done
[0.380s] -- Build files have been written to: /home/ashuang/UAV_lumberjack/ros2_ws/build/uav_lumberjack_control
[0.386s] Invoked command in '/home/ashuang/UAV_lumberjack/ros2_ws/build/uav_lumberjack_control' returned '0': CMAKE_PREFIX_PATH=${CMAKE_PREFIX_PATH}:/opt/ros/humble /usr/bin/cmake /home/ashuang/UAV_lumberjack/ros2_ws/src/uav_lumberjack_control -DCMAKE_INSTALL_PREFIX=/home/ashuang/UAV_lumberjack/ros2_ws/install/uav_lumberjack_control
[0.388s] Invoking command in '/home/ashuang/UAV_lumberjack/ros2_ws/build/uav_lumberjack_control': CMAKE_PREFIX_PATH=${CMAKE_PREFIX_PATH}:/opt/ros/humble /usr/bin/cmake --build /home/ashuang/UAV_lumberjack/ros2_ws/build/uav_lumberjack_control -- -j12 -l12
[0.419s] [35m[1mConsolidate compiler generated dependencies of target arm_j1_test[0m
[0.419s] [35m[1mConsolidate compiler generated dependencies of target arm_controller[0m
[0.434s] [100%] Built target arm_j1_test
[0.434s] [100%] Built target arm_controller
[0.442s] Invoked command in '/home/ashuang/UAV_lumberjack/ros2_ws/build/uav_lumberjack_control' returned '0': CMAKE_PREFIX_PATH=${CMAKE_PREFIX_PATH}:/opt/ros/humble /usr/bin/cmake --build /home/ashuang/UAV_lumberjack/ros2_ws/build/uav_lumberjack_control -- -j12 -l12
[0.449s] Invoking command in '/home/ashuang/UAV_lumberjack/ros2_ws/build/uav_lumberjack_control': CMAKE_PREFIX_PATH=${CMAKE_PREFIX_PATH}:/opt/ros/humble /usr/bin/cmake --install /home/ashuang/UAV_lumberjack/ros2_ws/build/uav_lumberjack_control
[0.453s] -- Install configuration: ""
[0.454s] -- Execute custom install script
[0.454s] -- Up-to-date symlink: /home/ashuang/UAV_lumberjack/ros2_ws/install/uav_lumberjack_control/lib/uav_lumberjack_control/arm_j1_test
[0.454s] -- Up-to-date symlink: /home/ashuang/UAV_lumberjack/ros2_ws/install/uav_lumberjack_control/lib/uav_lumberjack_control/arm_controller
[0.454s] -- Up-to-date symlink: /home/ashuang/UAV_lumberjack/ros2_ws/install/uav_lumberjack_control/share/ament_index/resource_index/package_run_dependencies/uav_lumberjack_control
[0.454s] -- Up-to-date symlink: /home/ashuang/UAV_lumberjack/ros2_ws/install/uav_lumberjack_control/share/ament_index/resource_index/parent_prefix_path/uav_lumberjack_control
[0.454s] -- Up-to-date symlink: /home/ashuang/UAV_lumberjack/ros2_ws/install/uav_lumberjack_control/share/uav_lumberjack_control/environment/ament_prefix_path.sh
[0.455s] -- Up-to-date symlink: /home/ashuang/UAV_lumberjack/ros2_ws/install/uav_lumberjack_control/share/uav_lumberjack_control/environment/ament_prefix_path.dsv
[0.455s] -- Up-to-date symlink: /home/ashuang/UAV_lumberjack/ros2_ws/install/uav_lumberjack_control/share/uav_lumberjack_control/environment/path.sh
[0.455s] -- Up-to-date symlink: /home/ashuang/UAV_lumberjack/ros2_ws/install/uav_lumberjack_control/share/uav_lumberjack_control/environment/path.dsv
[0.455s] -- Up-to-date symlink: /home/ashuang/UAV_lumberjack/ros2_ws/install/uav_lumberjack_control/share/uav_lumberjack_control/local_setup.bash
[0.455s] -- Up-to-date symlink: /home/ashuang/UAV_lumberjack/ros2_ws/install/uav_lumberjack_control/share/uav_lumberjack_control/local_setup.sh
[0.455s] -- Up-to-date symlink: /home/ashuang/UAV_lumberjack/ros2_ws/install/uav_lumberjack_control/share/uav_lumberjack_control/local_setup.zsh
[0.455s] -- Up-to-date symlink: /home/ashuang/UAV_lumberjack/ros2_ws/install/uav_lumberjack_control/share/uav_lumberjack_control/local_setup.dsv
[0.455s] -- Symlinking: /home/ashuang/UAV_lumberjack/ros2_ws/install/uav_lumberjack_control/share/uav_lumberjack_control/package.dsv
[0.462s] -- Up-to-date symlink: /home/ashuang/UAV_lumberjack/ros2_ws/install/uav_lumberjack_control/share/ament_index/resource_index/packages/uav_lumberjack_control
[0.462s] -- Up-to-date symlink: /home/ashuang/UAV_lumberjack/ros2_ws/install/uav_lumberjack_control/share/uav_lumberjack_control/cmake/uav_lumberjack_controlConfig.cmake
[0.462s] -- Up-to-date symlink: /home/ashuang/UAV_lumberjack/ros2_ws/install/uav_lumberjack_control/share/uav_lumberjack_control/cmake/uav_lumberjack_controlConfig-version.cmake
[0.462s] -- Up-to-date symlink: /home/ashuang/UAV_lumberjack/ros2_ws/install/uav_lumberjack_control/share/uav_lumberjack_control/package.xml
[0.463s] Invoked command in '/home/ashuang/UAV_lumberjack/ros2_ws/build/uav_lumberjack_control' returned '0': CMAKE_PREFIX_PATH=${CMAKE_PREFIX_PATH}:/opt/ros/humble /usr/bin/cmake --install /home/ashuang/UAV_lumberjack/ros2_ws/build/uav_lumberjack_control
